# serializer version: 1
# name: test_many_test_examples
  '''
  ## EXAMPLES
  Input 1
  
  	|A|B|C
  1	0|0|0
  2	1|0|0
  3	0|0|0
  
  Output 1
  
  	|A|B|C
  1	2|0|0
  2	0|0|0
  3	0|0|0
  
  Diff 1 (I->O)
  
  0 -> 2|  --  |  --  
  1 -> 0|  --  |  --  
    --  |  --  |  --  
  
  Input 2
  
  	|A|B|C
  1	0|1|0
  2	1|0|0
  3	0|0|0
  
  Output 2
  
  	|A|B|C
  1	2|2|0
  2	0|0|0
  3	0|0|0
  
  Diff 2 (I->O)
  
  0 -> 2|1 -> 2|  --  
  1 -> 0|  --  |  --  
    --  |  --  |  --  
  
  Input 3
  
  	|A|B|C
  1	0|0|1
  2	0|0|0
  3	1|0|0
  
  Output 3
  
  	|A|B|C
  1	2|2|0
  2	0|0|0
  3	0|0|0
  
  Diff 3 (I->O)
  
  0 -> 2|0 -> 2|1 -> 0
    --  |  --  |  --  
  1 -> 0|  --  |  --  
  
  Input 4
  
  	|A|B|C
  1	0|1|0
  2	0|0|1
  3	0|0|0
  
  Output 4
  
  	|A|B|C
  1	2|2|0
  2	0|0|0
  3	0|0|0
  
  Diff 4 (I->O)
  
  0 -> 2|1 -> 2|  --  
    --  |  --  |1 -> 0
    --  |  --  |  --  
  
  Input 5
  
  	|A|B|C
  1	0|0|1
  2	0|0|0
  3	0|0|0
  
  Output 5
  
  	|A|B|C
  1	2|0|0
  2	0|0|0
  3	0|0|0
  
  Diff 5 (I->O)
  
  0 -> 2|  --  |1 -> 0
    --  |  --  |  --  
    --  |  --  |  --  
  
  Input 6
  
  	|A|B|C
  1	1|1|0
  2	0|0|0
  3	1|0|0
  
  Output 6
  
  	|A|B|C
  1	2|2|2
  2	0|0|0
  3	0|0|0
  
  Diff 6 (I->O)
  
  1 -> 2|1 -> 2|0 -> 2
    --  |  --  |  --  
  1 -> 0|  --  |  --  
  
  Input 7
  
  	|A|B|C
  1	0|1|0
  2	1|1|0
  3	0|0|0
  
  Output 7
  
  	|A|B|C
  1	2|2|2
  2	0|0|0
  3	0|0|0
  
  Diff 7 (I->O)
  
  0 -> 2|1 -> 2|0 -> 2
  1 -> 0|1 -> 0|  --  
    --  |  --  |  --  
  
  Input 8
  
  	|A|B|C
  1	1|1|0
  2	0|0|0
  3	1|0|1
  
  Output 8
  
  	|A|B|C
  1	2|2|2
  2	0|2|0
  3	0|0|0
  
  Diff 8 (I->O)
  
  1 -> 2|1 -> 2|0 -> 2
    --  |0 -> 2|  --  
  1 -> 0|  --  |1 -> 0
  
  Input 9
  
  	|A|B|C
  1	0|1|0
  2	1|1|0
  3	1|0|0
  
  Output 9
  
  	|A|B|C
  1	2|2|2
  2	0|2|0
  3	0|0|0
  
  Diff 9 (I->O)
  
  0 -> 2|1 -> 2|0 -> 2
  1 -> 0|1 -> 2|  --  
  1 -> 0|  --  |  --  
  
  Input 10
  
  	|A|B|C
  1	1|0|0
  2	0|0|1
  3	0|1|1
  
  Output 10
  
  	|A|B|C
  1	2|2|2
  2	0|2|0
  3	0|0|0
  
  Diff 10 (I->O)
  
  1 -> 2|0 -> 2|0 -> 2
    --  |0 -> 2|1 -> 0
    --  |1 -> 0|1 -> 0
  
  
  ## TEST
  Input 1
  
  	|A|B|C
  1	0|1|0
  2	0|0|0
  3	0|1|0
  
  Input 2
  
  	|A|B|C
  1	0|1|0
  2	0|1|1
  3	1|0|0
  
  
  '''
# ---
